// Jest Snapshot v1, https://goo.gl/fbAQLP

exports[`side nav component should be hidden if navShown is false 1`] = `
<div class="side-nav-wrapper" style="position: relative;">
  <div class="side-nav" style="width: 100px; color: rgb(58, 58, 58); background-color: rgb(255, 255, 255); display: none;" name="side-nav">
    <div class="side-nav-header" style="height: 20px; width: 100px; padding-top: 8px; background-color: rgb(58, 58, 58);"><button aria-label="Close navigation" type="button" tabindex="0" class="keen-ui-icon-button keen-ui-icon-button--type-secondary keen-ui-icon-button--color-white keen-ui-icon-button--size-large KeenUiIconButton-noKey-0_1e7m9ar">
        <div class="keen-ui-icon-button-icon" style="color: rgb(153, 97, 137);">
          <mat-svg name="close" category="navigation" class="side-nav-header-close"></mat-svg>
        </div>
        <div class="ui-progress-circular keen-ui-icon-button-progress ui-progress-circular--type-indeterminate" style="width: 24px; height: 24px; display: none;" name="ui-progress-circular--transition-fade"><svg role="progressbar" viewBox="25 25 50 50" aria-valuemax="100" aria-valuemin="0" class="ui-progress-circular-indeterminate" style="stroke: #03a9f4;">
            <circle cx="50" cy="50" fill="none" r="20" stroke-miterlimit="10" stroke-width="4.5" class="ui-progress-circular-indeterminate-path" style="stroke: #996189;"></circle>
          </svg></div>
        <!---->
        <!---->
      </button> <span class="side-nav-header-name" style="color: rgb(255, 255, 255);">Kolibri</span></div>
    <div class="side-nav-scrollable-area" style="top: 20px; width: 100px;">
      <div role="navigation" aria-label="Main user navigation" style="background-color: rgb(255, 255, 255);">
        <ul role="menu" class="ui-menu has-icons">
          <!---->
          <li><a role="menuitem" class="ui-menu-option is-divider">
              <!----></a></li>
          <li><a role="menuitem" class="ui-menu-option is-divider">
              <!----></a></li>
          <!---->
        </ul>
      </div>
      <div class="side-nav-scrollable-area-footer" style="color: rgb(97, 97, 97);"><img src="./kolibri-logo.svg" class="side-nav-scrollable-area-footer-logo">
        <div class="side-nav-scrollable-area-footer-info">
          <p>Kolibri testversion</p>
          <p>© 2018 Learning Equality</p>
          <p><a dir="auto" type="button" tabindex="0" class="privacy-link KButton-noKey-0_48nhro link">Usage and privacy
              <!----></a></p>
        </div>
      </div>
    </div>
  </div>
  <div class="side-nav-backdrop" style="display: none;"></div>
  <!---->
  <div dir="ltr" class="resize-sensor" style="position: absolute; left: -10px; top: -10px; right: 0px; bottom: 0px; overflow: hidden; z-index: -1; visibility: hidden;">
    <div class="resize-sensor-expand" style="position: absolute; left: -10px; top: -10px; right: 0; bottom: 0; overflow: hidden; z-index: -1; visibility: hidden;">
      <div style="position: absolute; left: 0; top: 0; transition: 0s;"></div>
    </div>
    <div class="resize-sensor-shrink" style="position: absolute; left: -10px; top: -10px; right: 0; bottom: 0; overflow: hidden; z-index: -1; visibility: hidden;">
      <div style="position: absolute; left: 0; top: 0; transition: 0s; width: 200%; height: 200%"></div>
    </div>
  </div>
</div>
`;

exports[`side nav component should show nothing if no components are added and user is not logged in 1`] = `
<div class="side-nav-wrapper" style="position: relative;">
  <div class="side-nav" style="width: 100px; color: rgb(58, 58, 58); background-color: rgb(255, 255, 255);" name="side-nav">
    <div class="side-nav-header" style="height: 20px; width: 100px; padding-top: 8px; background-color: rgb(58, 58, 58);"><button aria-label="Close navigation" type="button" tabindex="0" class="keen-ui-icon-button keen-ui-icon-button--type-secondary keen-ui-icon-button--color-white keen-ui-icon-button--size-large KeenUiIconButton-noKey-0_1e7m9ar">
        <div class="keen-ui-icon-button-icon" style="color: rgb(153, 97, 137);">
          <mat-svg name="close" category="navigation" class="side-nav-header-close"></mat-svg>
        </div>
        <div class="ui-progress-circular keen-ui-icon-button-progress ui-progress-circular--type-indeterminate" style="width: 24px; height: 24px; display: none;" name="ui-progress-circular--transition-fade"><svg role="progressbar" viewBox="25 25 50 50" aria-valuemax="100" aria-valuemin="0" class="ui-progress-circular-indeterminate" style="stroke: #03a9f4;">
            <circle cx="50" cy="50" fill="none" r="20" stroke-miterlimit="10" stroke-width="4.5" class="ui-progress-circular-indeterminate-path" style="stroke: #996189;"></circle>
          </svg></div>
        <!---->
        <!---->
      </button> <span class="side-nav-header-name" style="color: rgb(255, 255, 255);">Kolibri</span></div>
    <div class="side-nav-scrollable-area" style="top: 20px; width: 100px;">
      <div role="navigation" aria-label="Main user navigation" style="background-color: rgb(255, 255, 255);">
        <ul role="menu" class="ui-menu has-icons">
          <!---->
          <li><a role="menuitem" class="ui-menu-option is-divider">
              <!----></a></li>
          <li><a role="menuitem" class="ui-menu-option is-divider">
              <!----></a></li>
          <!---->
        </ul>
      </div>
      <div class="side-nav-scrollable-area-footer" style="color: rgb(97, 97, 97);"><img src="./kolibri-logo.svg" class="side-nav-scrollable-area-footer-logo">
        <div class="side-nav-scrollable-area-footer-info">
          <p>Kolibri testversion</p>
          <p>© 2018 Learning Equality</p>
          <p><a dir="auto" type="button" tabindex="0" class="privacy-link KButton-noKey-0_48nhro link">Usage and privacy
              <!----></a></p>
        </div>
      </div>
    </div>
  </div>
  <div class="side-nav-backdrop"></div>
  <!---->
  <div dir="ltr" class="resize-sensor" style="position: absolute; left: -10px; top: -10px; right: 0px; bottom: 0px; overflow: hidden; z-index: -1; visibility: hidden;">
    <div class="resize-sensor-expand" style="position: absolute; left: -10px; top: -10px; right: 0; bottom: 0; overflow: hidden; z-index: -1; visibility: hidden;">
      <div style="position: absolute; left: 0; top: 0; transition: 0s;"></div>
    </div>
    <div class="resize-sensor-shrink" style="position: absolute; left: -10px; top: -10px; right: 0; bottom: 0; overflow: hidden; z-index: -1; visibility: hidden;">
      <div style="position: absolute; left: 0; top: 0; transition: 0s; width: 200%; height: 200%"></div>
    </div>
  </div>
</div>
`;
